
JANET_CORE_FN(cfun_channel_rchoice,
              "(ev/rselect & clauses)",
              "Similar to ev/select, but will try clauses in a random order for fairness.") {
    fisher_yates_args(argc, argv);
    return cfun_channel_choice(argc, argv);
}

/*
   ev/rselect
   +1124 /home/user/src/janet/src/core/ev.c
*/

