static JanetSlot janetc_def(JanetFopts opts, int32_t argn, const Janet *argv) {
    JanetCompiler *c = opts.compiler;
    Janet head;
    opts.flags &= ~JANET_FOPTS_HINT;
    JanetTable *attr_table = handleattr(c, argn, argv);
    JanetSlot ret = dohead(c, opts, &head, argn, argv);
    if (c->result.status == JANET_COMPILE_ERROR)
        return janetc_cslot(janet_wrap_nil());
    destructure(c, argv[0], ret, defleaf, attr_table);
    return ret;
}

/*
   def
   +452 /home/user/src/janet/src/core/specials.c
*/

